2026-07-20 14:24:53 Loaded main app package /nix/store/izl58v0h1kp3zdawyhm08641vhybnh8s-obsidian-1.12.7/share/obsidian/obsidian.asar
2026-07-20 14:24:53 Checking for update using Github
2026-07-20 14:24:54 Success.
2026-07-20 14:24:54 Latest version is 1.12.7
2026-07-20 14:24:54 App is up to date.
2026-07-20 14:38:07 Loaded main app package /nix/store/izl58v0h1kp3zdawyhm08641vhybnh8s-obsidian-1.12.7/share/obsidian/obsidian.asar
2026-07-20 14:38:07 Checking for update using Github
2026-07-20 14:38:08 Success.
2026-07-20 14:38:08 Latest version is 1.12.7
2026-07-20 14:38:08 App is up to date.
2026-07-20 17:30:08 Loaded main app package /nix/store/izl58v0h1kp3zdawyhm08641vhybnh8s-obsidian-1.12.7/share/obsidian/obsidian.asar
2026-07-20 17:30:08 Checking for update using Github
2026-07-20 17:30:09 Success.
2026-07-20 17:30:09 Latest version is 1.12.7
2026-07-20 17:30:09 App is up to date.
2026-07-20 22:29:44 Loaded main app package /nix/store/izl58v0h1kp3zdawyhm08641vhybnh8s-obsidian-1.12.7/share/obsidian/obsidian.asar
2026-07-20 22:29:45 Checking for update using Github
2026-07-20 22:29:45 Success.
2026-07-20 22:29:45 Latest version is 1.12.7
2026-07-20 22:29:45 App is up to date.
2026-07-21 14:42:54 Loaded main app package /nix/store/izl58v0h1kp3zdawyhm08641vhybnh8s-obsidian-1.12.7/share/obsidian/obsidian.asar
2026-07-21 14:42:54 Checking for update using Github
2026-07-21 14:42:54 Success.
2026-07-21 14:42:54 Latest version is 1.12.7
2026-07-21 14:42:54 App is up to date.
2026-07-21 14:45:36 Loaded main app package /nix/store/izl58v0h1kp3zdawyhm08641vhybnh8s-obsidian-1.12.7/share/obsidian/obsidian.asar
2026-07-21 14:45:36 Checking for update using Github
2026-07-21 14:45:36 Success.
2026-07-21 14:45:36 Latest version is 1.12.7
2026-07-21 14:45:36 App is up to date.
2026-07-21 15:12:21 Loaded main app package /nix/store/izl58v0h1kp3zdawyhm08641vhybnh8s-obsidian-1.12.7/share/obsidian/obsidian.asar
2026-07-21 15:12:21 Checking for update using Github
2026-07-21 15:12:21 Success.
2026-07-21 15:12:21 Latest version is 1.12.7
2026-07-21 15:12:21 App is up to date.
2026-07-21 15:21:24 Loaded main app package /nix/store/izl58v0h1kp3zdawyhm08641vhybnh8s-obsidian-1.12.7/share/obsidian/obsidian.asar
2026-07-21 15:21:24 Checking for update using Github
2026-07-21 15:21:24 Success.
2026-07-21 15:21:24 Latest version is 1.12.7
2026-07-21 15:21:24 App is up to date.
2026-07-21 15:23:58 Loaded main app package /nix/store/izl58v0h1kp3zdawyhm08641vhybnh8s-obsidian-1.12.7/share/obsidian/obsidian.asar
2026-07-21 15:23:58 Checking for update using Github
2026-07-21 15:23:58 Success.
2026-07-21 15:23:58 Latest version is 1.12.7
2026-07-21 15:23:58 App is up to date.
2026-07-21 16:23:57 Checking for update using Github
2026-07-21 16:23:58 Success.
2026-07-21 16:23:58 Latest version is 1.12.7
2026-07-21 16:23:58 App is up to date.
2026-07-21 17:23:34 Loaded main app package /nix/store/izl58v0h1kp3zdawyhm08641vhybnh8s-obsidian-1.12.7/share/obsidian/obsidian.asar
2026-07-21 17:23:34 Checking for update using Github
2026-07-21 17:23:35 Success.
2026-07-21 17:23:35 Latest version is 1.12.7
2026-07-21 17:23:35 App is up to date.
2026-07-21 18:23:34 Checking for update using Github
2026-07-21 18:23:34 Success.
2026-07-21 18:23:34 Latest version is 1.12.7
2026-07-21 18:23:34 App is up to date.
2026-07-21 19:23:34 Checking for update using Github
2026-07-21 19:23:34 Success.
2026-07-21 19:23:34 Latest version is 1.12.7
2026-07-21 19:23:34 App is up to date.
2026-07-21 19:48:00 Loaded main app package /nix/store/izl58v0h1kp3zdawyhm08641vhybnh8s-obsidian-1.12.7/share/obsidian/obsidian.asar
2026-07-21 19:48:00 Checking for update using Github
2026-07-21 19:48:00 Success.
2026-07-21 19:48:00 Latest version is 1.12.7
2026-07-21 19:48:00 App is up to date.
2026-07-21 20:47:59 Checking for update using Github
2026-07-21 20:48:00 Success.
2026-07-21 20:48:00 Latest version is 1.12.7
2026-07-21 20:48:00 App is up to date.
2026-07-22 08:31:08 Loaded main app package /nix/store/izl58v0h1kp3zdawyhm08641vhybnh8s-obsidian-1.12.7/share/obsidian/obsidian.asar
2026-07-22 08:31:08 Checking for update using Github
2026-07-22 08:31:09 Success.
2026-07-22 08:31:09 Latest version is 1.12.7
2026-07-22 08:31:09 App is up to date.
2026-07-22 09:31:15 Checking for update using Github
2026-07-22 09:31:15 Success.
2026-07-22 09:31:15 Latest version is 1.12.7
2026-07-22 09:31:15 App is up to date.
2026-07-22 10:31:15 Checking for update using Github
2026-07-22 10:31:15 Success.
2026-07-22 10:31:15 Latest version is 1.12.7
2026-07-22 10:31:15 App is up to date.
2026-07-22 11:31:15 Checking for update using Github
2026-07-22 11:31:15 Success.
2026-07-22 11:31:15 Latest version is 1.12.7
2026-07-22 11:31:15 App is up to date.
2026-07-22 12:31:15 Checking for update using Github
2026-07-22 12:31:15 Success.
2026-07-22 12:31:15 Latest version is 1.12.7
2026-07-22 12:31:15 App is up to date.
2026-07-22 13:31:15 Checking for update using Github
2026-07-22 13:31:15 Success.
2026-07-22 13:31:15 Latest version is 1.12.7
2026-07-22 13:31:15 App is up to date.
2026-07-22 14:21:54 Loaded main app package /nix/store/izl58v0h1kp3zdawyhm08641vhybnh8s-obsidian-1.12.7/share/obsidian/obsidian.asar
2026-07-22 14:21:54 Checking for update using Github
2026-07-22 14:21:55 Success.
2026-07-22 14:21:55 Latest version is 1.12.7
2026-07-22 14:21:55 App is up to date.
2026-07-22 15:26:28 Loaded main app package /nix/store/izl58v0h1kp3zdawyhm08641vhybnh8s-obsidian-1.12.7/share/obsidian/obsidian.asar
2026-07-22 15:26:29 Checking for update using Github
2026-07-22 15:26:29 Success.
2026-07-22 15:26:29 Latest version is 1.12.7
2026-07-22 15:26:29 App is up to date.
2026-07-22 15:59:44 Loaded main app package /nix/store/izl58v0h1kp3zdawyhm08641vhybnh8s-obsidian-1.12.7/share/obsidian/obsidian.asar
2026-07-22 15:59:44 Checking for update using Github
2026-07-22 15:59:45 Success.
2026-07-22 15:59:45 Latest version is 1.12.7
2026-07-22 15:59:45 App is up to date.
2026-07-22 16:59:44 Checking for update using Github
2026-07-22 16:59:44 Success.
2026-07-22 16:59:44 Latest version is 1.12.7
2026-07-22 16:59:44 App is up to date.
2026-07-22 17:59:44 Checking for update using Github
2026-07-22 17:59:44 Success.
2026-07-22 17:59:44 Latest version is 1.12.7
2026-07-22 17:59:44 App is up to date.
2026-07-22 19:13:06 Loaded main app package /nix/store/izl58v0h1kp3zdawyhm08641vhybnh8s-obsidian-1.12.7/share/obsidian/obsidian.asar
2026-07-22 19:13:06 Checking for update using Github
2026-07-22 19:13:07 Success.
2026-07-22 19:13:07 Latest version is 1.12.7
2026-07-22 19:13:07 App is up to date.
2026-07-22 19:55:09 Loaded main app package /nix/store/izl58v0h1kp3zdawyhm08641vhybnh8s-obsidian-1.12.7/share/obsidian/obsidian.asar
2026-07-22 19:55:09 Checking for update using Github
2026-07-22 19:55:10 Success.
2026-07-22 19:55:10 Latest version is 1.12.7
2026-07-22 19:55:10 App is up to date.
2026-07-22 19:58:44 Loaded main app package /nix/store/izl58v0h1kp3zdawyhm08641vhybnh8s-obsidian-1.12.7/share/obsidian/obsidian.asar
2026-07-22 19:58:44 Checking for update using Github
2026-07-22 19:58:45 Success.
2026-07-22 19:58:45 Latest version is 1.12.7
2026-07-22 19:58:45 App is up to date.
2026-07-22 19:59:07 Loaded main app package /nix/store/izl58v0h1kp3zdawyhm08641vhybnh8s-obsidian-1.12.7/share/obsidian/obsidian.asar
2026-07-22 19:59:08 Checking for update using Github
2026-07-22 19:59:08 Success.
2026-07-22 19:59:08 Latest version is 1.12.7
2026-07-22 19:59:08 App is up to date.
2026-07-22 20:00:37 Loaded main app package /nix/store/izl58v0h1kp3zdawyhm08641vhybnh8s-obsidian-1.12.7/share/obsidian/obsidian.asar
2026-07-22 20:00:37 Checking for update using Github
2026-07-22 20:00:38 Success.
2026-07-22 20:00:38 Latest version is 1.12.7
2026-07-22 20:00:38 App is up to date.
2026-07-23 11:32:22 Loaded main app package /nix/store/wx5pcgz8m45f9cgmcl69db72ph510rcd-obsidian-1.12.7/share/obsidian/obsidian.asar
2026-07-23 11:32:23 Checking for update using Github
2026-07-23 11:32:23 Success.
2026-07-23 11:32:23 Latest version is 1.12.7
2026-07-23 11:32:23 App is up to date.
2026-07-23 19:11:01 Loaded main app package /nix/store/wx5pcgz8m45f9cgmcl69db72ph510rcd-obsidian-1.12.7/share/obsidian/obsidian.asar
2026-07-23 19:11:01 Checking for update using Github
2026-07-23 19:11:02 Success.
2026-07-23 19:11:02 Latest version is 1.12.7
2026-07-23 19:11:02 App is up to date.
2026-07-23 19:12:59 Loaded main app package /nix/store/wx5pcgz8m45f9cgmcl69db72ph510rcd-obsidian-1.12.7/share/obsidian/obsidian.asar
2026-07-23 19:13:00 Checking for update using Github
2026-07-23 19:13:00 Success.
2026-07-23 19:13:00 Latest version is 1.12.7
2026-07-23 19:13:00 App is up to date.
2026-07-23 20:34:59 Loaded main app package /nix/store/wx5pcgz8m45f9cgmcl69db72ph510rcd-obsidian-1.12.7/share/obsidian/obsidian.asar
2026-07-23 20:35:00 Checking for update using Github
2026-07-23 20:35:00 Success.
2026-07-23 20:35:00 Latest version is 1.12.7
2026-07-23 20:35:00 App is up to date.
2026-07-23 20:44:36 Loaded main app package /nix/store/wx5pcgz8m45f9cgmcl69db72ph510rcd-obsidian-1.12.7/share/obsidian/obsidian.asar
2026-07-23 20:44:36 Checking for update using Github
2026-07-23 20:44:37 Success.
2026-07-23 20:44:37 Latest version is 1.12.7
2026-07-23 20:44:37 App is up to date.
2026-07-24 12:11:55 Loaded main app package /nix/store/wx5pcgz8m45f9cgmcl69db72ph510rcd-obsidian-1.12.7/share/obsidian/obsidian.asar
2026-07-24 12:11:55 Checking for update using Github
2026-07-24 12:11:55 Success.
2026-07-24 12:11:55 Latest version is 1.12.7
2026-07-24 12:11:55 App is up to date.
2026-07-24 13:11:58 Checking for update using Github
2026-07-24 13:11:59 Success.
2026-07-24 13:11:59 Latest version is 1.12.7
2026-07-24 13:11:59 App is up to date.
2026-07-24 15:33:23 Loaded main app package /nix/store/wx5pcgz8m45f9cgmcl69db72ph510rcd-obsidian-1.12.7/share/obsidian/obsidian.asar
2026-07-24 15:33:24 Checking for update using Github
2026-07-24 15:33:24 Success.
2026-07-24 15:33:24 Latest version is 1.12.7
2026-07-24 15:33:24 App is up to date.
2026-07-24 16:33:23 Checking for update using Github
2026-07-24 16:33:23 Success.
2026-07-24 16:33:23 Latest version is 1.12.7
2026-07-24 16:33:23 App is up to date.
2026-07-24 17:33:23 Checking for update using Github
2026-07-24 17:33:23 Success.
2026-07-24 17:33:23 Latest version is 1.12.7
2026-07-24 17:33:23 App is up to date.
2026-07-24 18:33:23 Checking for update using Github
2026-07-24 18:33:24 Success.
2026-07-24 18:33:24 Latest version is 1.12.7
2026-07-24 18:33:24 App is up to date.
2026-07-24 19:12:20 Loaded main app package /nix/store/wx5pcgz8m45f9cgmcl69db72ph510rcd-obsidian-1.12.7/share/obsidian/obsidian.asar
2026-07-24 19:12:21 Checking for update using Github
2026-07-24 19:12:21 Success.
2026-07-24 19:12:21 Latest version is 1.12.7
2026-07-24 19:12:21 App is up to date.
2026-07-24 20:12:20 Checking for update using Github
2026-07-24 20:12:20 Success.
2026-07-24 20:12:20 Latest version is 1.12.7
2026-07-24 20:12:20 App is up to date.
2026-07-25 09:21:48 Loaded main app package /nix/store/2vwvv16l3zmvz23m0kp0k6jx4m4yraav-obsidian-1.12.7/share/obsidian/obsidian.asar
2026-07-25 09:21:48 Checking for update using Github
2026-07-25 09:21:49 Success.
2026-07-25 09:21:49 Latest version is 1.12.7
2026-07-25 09:21:49 App is up to date.
2026-07-25 09:37:29 Loaded main app package /nix/store/2vwvv16l3zmvz23m0kp0k6jx4m4yraav-obsidian-1.12.7/share/obsidian/obsidian.asar
2026-07-25 09:37:29 Checking for update using Github
2026-07-25 09:37:30 Success.
2026-07-25 09:37:30 Latest version is 1.12.7
2026-07-25 09:37:30 App is up to date.
2026-07-25 10:53:09 Loaded main app package /nix/store/2vwvv16l3zmvz23m0kp0k6jx4m4yraav-obsidian-1.12.7/share/obsidian/obsidian.asar
2026-07-25 10:53:09 Checking for update using Github
2026-07-25 10:53:09 Success.
2026-07-25 10:53:09 Latest version is 1.12.7
2026-07-25 10:53:09 App is up to date.
2026-07-25 11:53:09 Checking for update using Github
2026-07-25 11:53:09 Success.
2026-07-25 11:53:09 Latest version is 1.12.7
2026-07-25 11:53:09 App is up to date.
2026-07-25 12:53:09 Checking for update using Github
2026-07-25 12:53:09 Success.
2026-07-25 12:53:09 Latest version is 1.12.7
2026-07-25 12:53:09 App is up to date.
2026-07-25 13:53:09 Checking for update using Github
2026-07-25 13:53:09 Success.
2026-07-25 13:53:09 Latest version is 1.12.7
2026-07-25 13:53:09 App is up to date.
2026-07-25 14:53:09 Checking for update using Github
2026-07-25 14:53:09 Success.
2026-07-25 14:53:09 Latest version is 1.12.7
2026-07-25 14:53:09 App is up to date.
2026-07-25 15:53:09 Checking for update using Github
2026-07-25 15:53:09 Success.
2026-07-25 15:53:09 Latest version is 1.12.7
2026-07-25 15:53:09 App is up to date.
2026-07-25 16:53:09 Checking for update using Github
2026-07-25 16:53:09 Success.
2026-07-25 16:53:09 Latest version is 1.12.7
2026-07-25 16:53:09 App is up to date.
2026-07-25 17:53:09 Checking for update using Github
2026-07-25 17:53:09 Success.
2026-07-25 17:53:09 Latest version is 1.12.7
2026-07-25 17:53:09 App is up to date.
2026-07-25 18:53:09 Checking for update using Github
2026-07-25 18:53:09 Success.
2026-07-25 18:53:09 Latest version is 1.12.7
2026-07-25 18:53:09 App is up to date.
2026-07-25 21:39:55 Loaded main app package /nix/store/2vwvv16l3zmvz23m0kp0k6jx4m4yraav-obsidian-1.12.7/share/obsidian/obsidian.asar
2026-07-25 21:39:55 Checking for update using Github
2026-07-25 21:39:55 Success.
2026-07-25 21:39:55 Latest version is 1.12.7
2026-07-25 21:39:55 App is up to date.
2026-07-25 22:39:54 Checking for update using Github
2026-07-25 22:39:55 Success.
2026-07-25 22:39:55 Latest version is 1.12.7
2026-07-25 22:39:55 App is up to date.
2026-07-26 12:18:58 Loaded main app package /nix/store/2vwvv16l3zmvz23m0kp0k6jx4m4yraav-obsidian-1.12.7/share/obsidian/obsidian.asar
2026-07-26 12:18:58 Checking for update using Github
2026-07-26 12:18:59 Success.
2026-07-26 12:18:59 Latest version is 1.12.7
2026-07-26 12:18:59 App is up to date.
2026-07-26 13:07:08 Loaded main app package /nix/store/2vwvv16l3zmvz23m0kp0k6jx4m4yraav-obsidian-1.12.7/share/obsidian/obsidian.asar
2026-07-26 13:07:09 Checking for update using Github
2026-07-26 13:07:09 Success.
2026-07-26 13:07:09 Latest version is 1.12.7
2026-07-26 13:07:09 App is up to date.
2026-07-26 14:07:08 Checking for update using Github
2026-07-26 14:07:08 Success.
2026-07-26 14:07:08 Latest version is 1.12.7
2026-07-26 14:07:08 App is up to date.
2026-07-26 17:27:08 Loaded main app package /nix/store/2vwvv16l3zmvz23m0kp0k6jx4m4yraav-obsidian-1.12.7/share/obsidian/obsidian.asar
2026-07-26 17:27:09 Checking for update using Github
2026-07-26 17:27:09 Success.
2026-07-26 17:27:09 Latest version is 1.12.7
2026-07-26 17:27:09 App is up to date.
2026-07-28 19:27:21 Loaded main app package /nix/store/2vwvv16l3zmvz23m0kp0k6jx4m4yraav-obsidian-1.12.7/share/obsidian/obsidian.asar
2026-07-28 19:27:22 Checking for update using Github
2026-07-28 19:27:23 Success.
2026-07-28 19:27:23 Latest version is 1.12.7
2026-07-28 19:27:23 App is up to date.
2026-07-29 08:45:15 Loaded main app package /nix/store/2vwvv16l3zmvz23m0kp0k6jx4m4yraav-obsidian-1.12.7/share/obsidian/obsidian.asar
2026-07-29 08:45:15 Checking for update using Github
2026-07-29 08:45:16 Success.
2026-07-29 08:45:16 Latest version is 1.12.7
2026-07-29 08:45:16 App is up to date.
2026-07-29 09:45:15 Checking for update using Github
2026-07-29 09:45:15 Success.
2026-07-29 09:45:15 Latest version is 1.12.7
2026-07-29 09:45:15 App is up to date.
2026-07-29 10:45:15 Checking for update using Github
2026-07-29 10:45:15 Success.
2026-07-29 10:45:15 Latest version is 1.12.7
2026-07-29 10:45:15 App is up to date.
2026-07-29 14:47:05 Loaded main app package /nix/store/2vwvv16l3zmvz23m0kp0k6jx4m4yraav-obsidian-1.12.7/share/obsidian/obsidian.asar
2026-07-29 14:47:05 Checking for update using Github
2026-07-29 14:47:05 Success.
2026-07-29 14:47:05 Latest version is 1.12.7
2026-07-29 14:47:05 App is up to date.
2026-07-29 16:03:38 Loaded main app package /nix/store/2vwvv16l3zmvz23m0kp0k6jx4m4yraav-obsidian-1.12.7/share/obsidian/obsidian.asar
2026-07-29 16:03:38 Checking for update using Github
2026-07-29 16:03:39 Success.
2026-07-29 16:03:39 Latest version is 1.12.7
2026-07-29 16:03:39 App is up to date.
2026-07-29 19:44:31 Loaded main app package /nix/store/2vwvv16l3zmvz23m0kp0k6jx4m4yraav-obsidian-1.12.7/share/obsidian/obsidian.asar
2026-07-29 19:44:32 Checking for update using Github
2026-07-29 19:44:33 Success.
2026-07-29 19:44:33 Latest version is 1.12.7
2026-07-29 19:44:33 App is up to date.
2026-07-31 09:32:56 Loaded main app package /nix/store/n8irf69mbkc340xk8fb40l6lsc0bmxq6-obsidian-1.12.7/share/obsidian/obsidian.asar
2026-07-31 09:32:57 Checking for update using Github
2026-07-31 09:32:57 Success.
2026-07-31 09:32:57 Latest version is 1.13.4
2026-07-31 09:32:57 Downloading update from https://github.com/obsidianmd/obsidian-releases/releases/download/v1.13.4/obsidian-1.13.4.asar.gz
2026-07-31 09:32:58 Verifying hash & signature. Size= 8772423
2026-07-31 09:32:58 Saving file
2026-07-31 09:32:58 Update complete.
2026-07-31 15:08:04 Loaded updated app package /home/dimunyx/.config/obsidian/obsidian-1.13.4.asar
2026-07-31 15:08:04 Checking for update using Github
2026-07-31 15:08:04 Success.
2026-07-31 15:08:04 Latest version is 1.13.4
2026-07-31 15:08:04 App is up to date.
2026-07-31 15:39:39 Loaded updated app package /home/dimunyx/.config/obsidian/obsidian-1.13.4.asar
2026-07-31 15:39:39 Checking for update using Github
2026-07-31 15:39:40 Success.
2026-07-31 15:39:40 Latest version is 1.13.4
2026-07-31 15:39:40 App is up to date.
2026-08-01 09:51:54 Loaded updated app package /home/dimunyx/.config/obsidian/obsidian-1.13.4.asar
2026-08-01 09:51:54 Checking for update using Github
2026-08-01 09:51:55 Success.
2026-08-01 09:51:55 Latest version is 1.13.4
2026-08-01 09:51:55 App is up to date.
2026-08-01 10:13:24 Loaded updated app package /home/dimunyx/.config/obsidian/obsidian-1.13.4.asar
2026-08-01 10:13:24 Checking for update using Github
2026-08-01 10:13:25 Success.
2026-08-01 10:13:25 Latest version is 1.13.4
2026-08-01 10:13:25 App is up to date.
2026-08-04 16:52:53 Loaded updated app /home/dimunyx/.config/obsidian/obsidian-1.13.4.asar
2026-08-04 16:52:54 Checking for update using Github
2026-08-04 16:52:54 Success.
2026-08-04 16:52:54 Latest version is 1.13.4
2026-08-04 16:52:54 App is up to date.
2026-08-04 21:02:56 Loaded updated app /home/dimunyx/.config/obsidian/obsidian-1.13.4.asar
2026-08-04 21:02:57 Checking for update using Github
2026-08-04 21:02:57 Success.
2026-08-04 21:02:57 Latest version is 1.13.4
2026-08-04 21:02:57 App is up to date.
2026-08-07 14:58:20 Loaded updated app /home/dimunyx/.config/obsidian/obsidian-1.13.4.asar
2026-08-07 14:58:20 Checking for update using Github
2026-08-07 14:58:21 Success.
2026-08-07 14:58:21 Latest version is 1.13.4
2026-08-07 14:58:21 App is up to date.
2026-08-10 17:01:06 Loaded updated app /home/dimunyx/.config/obsidian/obsidian-1.13.4.asar
2026-08-10 17:01:06 Checking for update using Github
2026-08-10 17:01:06 Success.
2026-08-10 17:01:06 Latest version is 1.13.6
2026-08-10 17:01:06 Downloading update from https://github.com/obsidianmd/obsidian-releases/releases/download/v1.13.6/obsidian-1.13.6.asar.gz
2026-08-10 17:01:07 Verifying hash & signature. Size= 8772809
2026-08-10 17:01:07 Saving file
2026-08-10 17:01:07 Update complete.
2026-08-12 16:05:00 Loaded updated app /home/dimunyx/.config/obsidian/obsidian-1.13.6.asar
2026-08-12 16:05:00 Checking for update using Github
2026-08-12 16:05:00 Success.
2026-08-12 16:05:00 Latest version is 1.13.7
2026-08-12 16:05:00 Downloading update from https://github.com/obsidianmd/obsidian-releases/releases/download/v1.13.7/obsidian-1.13.7.asar.gz
2026-08-12 16:05:01 Verifying hash & signature. Size= 8773048
2026-08-12 16:05:01 Saving file
2026-08-12 16:05:01 Update complete.
2026-08-13 08:33:39 Loaded updated app /home/dimunyx/.config/obsidian/obsidian-1.13.7.asar
2026-08-13 08:33:40 Checking for update using Github
2026-08-13 08:33:42 Success.
2026-08-13 08:33:42 Latest version is 1.13.7
2026-08-13 08:33:42 App is up to date.
2026-08-13 10:13:10 Loaded updated app /home/dimunyx/.config/obsidian/obsidian-1.13.7.asar
2026-08-13 10:13:11 Checking for update using Github
2026-08-13 10:13:11 Success.
2026-08-13 10:13:11 Latest version is 1.13.7
2026-08-13 10:13:11 App is up to date.
2026-08-13 10:14:08 Loaded updated app /home/dimunyx/.config/obsidian/obsidian-1.13.7.asar
2026-08-13 10:14:09 Checking for update using Github
2026-08-13 10:14:09 Success.
2026-08-13 10:14:09 Latest version is 1.13.7
2026-08-13 10:14:09 App is up to date.
